[33m>[39m Building...
[32m√[39m Building...
[1mInitial chunk files[22m[2m | [22m[1mNames[22m                          [2m | [22m [1mRaw size[22m
[32mstyles.css[39m         [2m | [22m[2mstyles[22m                         [2m | [22m[36m265.16 kB[39m[2m | [22m
[32mpolyfills.js[39m       [2m | [22m[2mpolyfills[22m                      [2m | [22m [36m89.77 kB[39m[2m | [22m
[32mmain.js[39m            [2m | [22m[2mmain[22m                           [2m | [22m [36m26.33 kB[39m[2m | [22m
[32mchunk-JU7FKGKF.js[39m  [2m | [22m[2m-[22m                              [2m | [22m [36m19.67 kB[39m[2m | [22m
[32mchunk-BFWPH7R6.js[39m  [2m | [22m[2m-[22m                              [2m | [22m  [36m3.36 kB[39m[2m | [22m
[32mchunk-Y5RQAIA6.js[39m  [2m | [22m[2m-[22m                              [2m | [22m  [36m1.50 kB[39m[2m | [22m
[32mchunk-3ZYTAJJI.js[39m  [2m | [22m[2m-[22m                              [2m | [22m[36m271 bytes[39m[2m | [22m

[1m [22m                  [2m | [22m[1mInitial total[22m                  [2m | [22m[1m406.06 kB[22m

[1mLazy chunk files[22m   [2m | [22m[1mNames[22m                          [2m | [22m [1mRaw size[22m
[32mchunk-U2WKINVT.js[39m  [2m | [22m[2m-[22m                              [2m | [22m  [36m1.46 MB[39m[2m | [22m
[32mchunk-SMBK6VRR.js[39m  [2m | [22m[2mform-generic-demo-component[22m    [2m | [22m  [36m1.04 MB[39m[2m | [22m
[32mchunk-OHM4K4EM.js[39m  [2m | [22m[2m-[22m                              [2m | [22m[36m554.09 kB[39m[2m | [22m
[32mchunk-ZWAPD232.js[39m  [2m | [22m[2m-[22m                              [2m | [22m[36m297.09 kB[39m[2m | [22m
[32mchunk-6B7DHDQI.js[39m  [2m | [22m[2mquery-bar-demo-component[22m       [2m | [22m[36m270.09 kB[39m[2m | [22m
[32mchunk-KGSYCHU7.js[39m  [2m | [22m[2mpreview-demo-component[22m         [2m | [22m[36m237.16 kB[39m[2m | [22m
[32mchunk-65EUX6GX.js[39m  [2m | [22m[2m-[22m                              [2m | [22m[36m194.33 kB[39m[2m | [22m
[32mchunk-NLQZI33R.js[39m  [2m | [22m[2mdocument-builder-demo-component[22m[2m | [22m[36m151.94 kB[39m[2m | [22m
[32mchunk-I4PVQMK7.js[39m  [2m | [22m[2m-[22m                              [2m | [22m[36m116.35 kB[39m[2m | [22m
[32mchunk-BGUQ2DXA.js[39m  [2m | [22m[2m-[22m                              [2m | [22m[36m106.62 kB[39m[2m | [22m
[32mchunk-TWZRRQGF.js[39m  [2m | [22m[2m-[22m                              [2m | [22m[36m105.26 kB[39m[2m | [22m
[32mchunk-AYXNW3YW.js[39m  [2m | [22m[2mtree-demo-component[22m            [2m | [22m [36m88.15 kB[39m[2m | [22m
[32mchunk-VSUZTYWG.js[39m  [2m | [22m[2mstepper-demo-component[22m         [2m | [22m [36m67.60 kB[39m[2m | [22m
[32mchunk-VLK35VSN.js[39m  [2m | [22m[2m-[22m                              [2m | [22m [36m67.03 kB[39m[2m | [22m
[32mchunk-Z72VGGJN.js[39m  [2m | [22m[2mimport-excel-demo-component[22m    [2m | [22m [36m66.78 kB[39m[2m | [22m
[2m...and 79 more lazy chunks files. Use "--verbose" to show all the files.[22m

Application bundle generation complete. [4.367 seconds]

Watch mode enabled. Watching for file changes...
NOTE: Raw file sizes do not reflect development server per-request transformations.
  [32m➜[39m  [1mLocal[22m:   [36mhttp://127.0.0.1:[1m4201[22m/[39m
